build_apk	Set up job	∩╗┐2026-02-11T12:31:03.1598235Z Current runner version: '2.331.0'
build_apk	Set up job	2026-02-11T12:31:03.1622763Z ##[group]Runner Image Provisioner
build_apk	Set up job	2026-02-11T12:31:03.1623592Z Hosted Compute Agent
build_apk	Set up job	2026-02-11T12:31:03.1624179Z Version: 20260123.484
build_apk	Set up job	2026-02-11T12:31:03.1624798Z Commit: 6bd6555ca37d84114959e1c76d2c01448ff61c5d
build_apk	Set up job	2026-02-11T12:31:03.1625482Z Build Date: 2026-01-23T19:41:17Z
build_apk	Set up job	2026-02-11T12:31:03.1626139Z Worker ID: {c5b46ceb-f5d0-4ac5-96c5-f4b4379a50cc}
build_apk	Set up job	2026-02-11T12:31:03.1626899Z Azure Region: westcentralus
build_apk	Set up job	2026-02-11T12:31:03.1627427Z ##[endgroup]
build_apk	Set up job	2026-02-11T12:31:03.1628850Z ##[group]Operating System
build_apk	Set up job	2026-02-11T12:31:03.1629448Z Ubuntu
build_apk	Set up job	2026-02-11T12:31:03.1629918Z 24.04.3
build_apk	Set up job	2026-02-11T12:31:03.1630310Z LTS
build_apk	Set up job	2026-02-11T12:31:03.1630870Z ##[endgroup]
build_apk	Set up job	2026-02-11T12:31:03.1631482Z ##[group]Runner Image
build_apk	Set up job	2026-02-11T12:31:03.1632030Z Image: ubuntu-24.04
build_apk	Set up job	2026-02-11T12:31:03.1632609Z Version: 20260201.15.1
build_apk	Set up job	2026-02-11T12:31:03.1633596Z Included Software: https://github.com/actions/runner-images/blob/ubuntu24/20260201.15/images/ubuntu/Ubuntu2404-Readme.md
build_apk	Set up job	2026-02-11T12:31:03.1635298Z Image Release: https://github.com/actions/runner-images/releases/tag/ubuntu24%2F20260201.15
build_apk	Set up job	2026-02-11T12:31:03.1636210Z ##[endgroup]
build_apk	Set up job	2026-02-11T12:31:03.1637308Z ##[group]GITHUB_TOKEN Permissions
build_apk	Set up job	2026-02-11T12:31:03.1639344Z Contents: read
build_apk	Set up job	2026-02-11T12:31:03.1639877Z Metadata: read
build_apk	Set up job	2026-02-11T12:31:03.1640462Z Packages: read
build_apk	Set up job	2026-02-11T12:31:03.1640929Z ##[endgroup]
build_apk	Set up job	2026-02-11T12:31:03.1643203Z Secret source: Actions
build_apk	Set up job	2026-02-11T12:31:03.1643963Z Prepare workflow directory
build_apk	Set up job	2026-02-11T12:31:03.2087614Z Prepare all required actions
build_apk	Set up job	2026-02-11T12:31:03.2124739Z Getting action download info
build_apk	Set up job	2026-02-11T12:31:03.6773515Z Download action repository 'actions/checkout@v4' (SHA:34e114876b0b11c390a56381ad16ebd13914f8d5)
build_apk	Set up job	2026-02-11T12:31:03.7670851Z Download action repository 'actions/setup-java@v4' (SHA:c1e323688fd81a25caa38c78aa6df2d33d3e20d9)
build_apk	Set up job	2026-02-11T12:31:04.6943079Z Download action repository 'actions/setup-node@v4' (SHA:49933ea5288caeca8642d1e84afbd3f7d6820020)
build_apk	Set up job	2026-02-11T12:31:04.7953629Z Download action repository 'actions/upload-artifact@v4' (SHA:ea165f8d65b6e75b540449e92b4886f43607fa02)
build_apk	Set up job	2026-02-11T12:31:05.0355432Z Complete job name: build_apk
build_apk	Checkout	∩╗┐2026-02-11T12:31:05.1129226Z ##[group]Run actions/checkout@v4
build_apk	Checkout	2026-02-11T12:31:05.1130389Z with:
build_apk	Checkout	2026-02-11T12:31:05.1131022Z   repository: galaxy1364/Dental-Mina
build_apk	Checkout	2026-02-11T12:31:05.1132427Z   token: ***
build_apk	Checkout	2026-02-11T12:31:05.1133161Z   ssh-strict: true
build_apk	Checkout	2026-02-11T12:31:05.1133794Z   ssh-user: git
build_apk	Checkout	2026-02-11T12:31:05.1134463Z   persist-credentials: true
build_apk	Checkout	2026-02-11T12:31:05.1135190Z   clean: true
build_apk	Checkout	2026-02-11T12:31:05.1135846Z   sparse-checkout-cone-mode: true
build_apk	Checkout	2026-02-11T12:31:05.1136653Z   fetch-depth: 1
build_apk	Checkout	2026-02-11T12:31:05.1137273Z   fetch-tags: false
build_apk	Checkout	2026-02-11T12:31:05.1137927Z   show-progress: true
build_apk	Checkout	2026-02-11T12:31:05.1138598Z   lfs: false
build_apk	Checkout	2026-02-11T12:31:05.1139186Z   submodules: false
build_apk	Checkout	2026-02-11T12:31:05.1139847Z   set-safe-directory: true
build_apk	Checkout	2026-02-11T12:31:05.1140929Z env:
build_apk	Checkout	2026-02-11T12:31:05.1141756Z   ANDROID_SDK_ROOT: /usr/local/lib/android/sdk
build_apk	Checkout	2026-02-11T12:31:05.1142806Z   ANDROID_HOME: /usr/local/lib/android/sdk
build_apk	Checkout	2026-02-11T12:31:05.1143664Z ##[endgroup]
build_apk	Checkout	2026-02-11T12:31:05.2255859Z Syncing repository: galaxy1364/Dental-Mina
build_apk	Checkout	2026-02-11T12:31:05.2259279Z ##[group]Getting Git version info
build_apk	Checkout	2026-02-11T12:31:05.2261283Z Working directory is '/home/runner/work/Dental-Mina/Dental-Mina'
build_apk	Checkout	2026-02-11T12:31:05.2264468Z [command]/usr/bin/git version
build_apk	Checkout	2026-02-11T12:31:05.2305746Z git version 2.52.0
build_apk	Checkout	2026-02-11T12:31:05.2332608Z ##[endgroup]
build_apk	Checkout	2026-02-11T12:31:05.2347825Z Temporarily overriding HOME='/home/runner/work/_temp/87350d55-5e9b-490c-a98f-ed3eddc5bf8a' before making global git config changes
build_apk	Checkout	2026-02-11T12:31:05.2352553Z Adding repository directory to the temporary git global config as a safe directory
build_apk	Checkout	2026-02-11T12:31:05.2362434Z [command]/usr/bin/git config --global --add safe.directory /home/runner/work/Dental-Mina/Dental-Mina
build_apk	Checkout	2026-02-11T12:31:05.2403461Z Deleting the contents of '/home/runner/work/Dental-Mina/Dental-Mina'
build_apk	Checkout	2026-02-11T12:31:05.2407122Z ##[group]Initializing the repository
build_apk	Checkout	2026-02-11T12:31:05.2411025Z [command]/usr/bin/git init /home/runner/work/Dental-Mina/Dental-Mina
build_apk	Checkout	2026-02-11T12:31:05.2522694Z hint: Using 'master' as the name for the initial branch. This default branch name
build_apk	Checkout	2026-02-11T12:31:05.2524449Z hint: will change to "main" in Git 3.0. To configure the initial branch name
build_apk	Checkout	2026-02-11T12:31:05.2526056Z hint: to use in all of your new repositories, which will suppress this warning,
build_apk	Checkout	2026-02-11T12:31:05.2527577Z hint: call:
build_apk	Checkout	2026-02-11T12:31:05.2528378Z hint:
build_apk	Checkout	2026-02-11T12:31:05.2529125Z hint: 	git config --global init.defaultBranch <name>
build_apk	Checkout	2026-02-11T12:31:05.2530102Z hint:
build_apk	Checkout	2026-02-11T12:31:05.2530991Z hint: Names commonly chosen instead of 'master' are 'main', 'trunk' and
build_apk	Checkout	2026-02-11T12:31:05.2532874Z hint: 'development'. The just-created branch can be renamed via this command:
build_apk	Checkout	2026-02-11T12:31:05.2534228Z hint:
build_apk	Checkout	2026-02-11T12:31:05.2534831Z hint: 	git branch -m <name>
build_apk	Checkout	2026-02-11T12:31:05.2535540Z hint:
build_apk	Checkout	2026-02-11T12:31:05.2536523Z hint: Disable this message with "git config set advice.defaultBranchName false"
build_apk	Checkout	2026-02-11T12:31:05.2538588Z Initialized empty Git repository in /home/runner/work/Dental-Mina/Dental-Mina/.git/
build_apk	Checkout	2026-02-11T12:31:05.2544053Z [command]/usr/bin/git remote add origin https://github.com/galaxy1364/Dental-Mina
build_apk	Checkout	2026-02-11T12:31:05.2576610Z ##[endgroup]
build_apk	Checkout	2026-02-11T12:31:05.2578622Z ##[group]Disabling automatic garbage collection
build_apk	Checkout	2026-02-11T12:31:05.2580559Z [command]/usr/bin/git config --local gc.auto 0
build_apk	Checkout	2026-02-11T12:31:05.2610335Z ##[endgroup]
build_apk	Checkout	2026-02-11T12:31:05.2612540Z ##[group]Setting up auth
build_apk	Checkout	2026-02-11T12:31:05.2618440Z [command]/usr/bin/git config --local --name-only --get-regexp core\.sshCommand
build_apk	Checkout	2026-02-11T12:31:05.2649027Z [command]/usr/bin/git submodule foreach --recursive sh -c "git config --local --name-only --get-regexp 'core\.sshCommand' && git config --local --unset-all 'core.sshCommand' || :"
build_apk	Checkout	2026-02-11T12:31:05.3003249Z [command]/usr/bin/git config --local --name-only --get-regexp http\.https\:\/\/github\.com\/\.extraheader
build_apk	Checkout	2026-02-11T12:31:05.3032824Z [command]/usr/bin/git submodule foreach --recursive sh -c "git config --local --name-only --get-regexp 'http\.https\:\/\/github\.com\/\.extraheader' && git config --local --unset-all 'http.https://github.com/.extraheader' || :"
build_apk	Checkout	2026-02-11T12:31:05.3254100Z [command]/usr/bin/git config --local --name-only --get-regexp ^includeIf\.gitdir:
build_apk	Checkout	2026-02-11T12:31:05.3294905Z [command]/usr/bin/git submodule foreach --recursive git config --local --show-origin --name-only --get-regexp remote.origin.url
build_apk	Checkout	2026-02-11T12:31:05.3521084Z [command]/usr/bin/git config --local http.https://github.com/.extraheader AUTHORIZATION: basic ***
build_apk	Checkout	2026-02-11T12:31:05.3554502Z ##[endgroup]
build_apk	Checkout	2026-02-11T12:31:05.3555659Z ##[group]Fetching the repository
build_apk	Checkout	2026-02-11T12:31:05.3563481Z [command]/usr/bin/git -c protocol.version=2 fetch --no-tags --prune --no-recurse-submodules --depth=1 origin +a46ceca2675c19ce33273363d3b405434c98d702:refs/remotes/origin/main
build_apk	Checkout	2026-02-11T12:31:06.3837769Z From https://github.com/galaxy1364/Dental-Mina
build_apk	Checkout	2026-02-11T12:31:06.3840333Z  * [new ref]         a46ceca2675c19ce33273363d3b405434c98d702 -> origin/main
build_apk	Checkout	2026-02-11T12:31:06.3870360Z ##[endgroup]
build_apk	Checkout	2026-02-11T12:31:06.3871559Z ##[group]Determining the checkout info
build_apk	Checkout	2026-02-11T12:31:06.3873060Z ##[endgroup]
build_apk	Checkout	2026-02-11T12:31:06.3878061Z [command]/usr/bin/git sparse-checkout disable
build_apk	Checkout	2026-02-11T12:31:06.3921035Z [command]/usr/bin/git config --local --unset-all extensions.worktreeConfig
build_apk	Checkout	2026-02-11T12:31:06.3947521Z ##[group]Checking out the ref
build_apk	Checkout	2026-02-11T12:31:06.3951668Z [command]/usr/bin/git checkout --progress --force -B main refs/remotes/origin/main
build_apk	Checkout	2026-02-11T12:31:06.4841187Z Switched to a new branch 'main'
build_apk	Checkout	2026-02-11T12:31:06.4842554Z branch 'main' set up to track 'origin/main'.
build_apk	Checkout	2026-02-11T12:31:06.4859286Z ##[endgroup]
build_apk	Checkout	2026-02-11T12:31:06.4898089Z [command]/usr/bin/git log -1 --format=%H
build_apk	Checkout	2026-02-11T12:31:06.4918668Z a46ceca2675c19ce33273363d3b405434c98d702
build_apk	Setup Java 17	∩╗┐2026-02-11T12:31:06.5198432Z ##[group]Run actions/setup-java@v4
build_apk	Setup Java 17	2026-02-11T12:31:06.5199397Z with:
build_apk	Setup Java 17	2026-02-11T12:31:06.5199939Z   distribution: temurin
build_apk	Setup Java 17	2026-02-11T12:31:06.5200524Z   java-version: 17
build_apk	Setup Java 17	2026-02-11T12:31:06.5201067Z   java-package: jdk
build_apk	Setup Java 17	2026-02-11T12:31:06.5201873Z   check-latest: false
build_apk	Setup Java 17	2026-02-11T12:31:06.5202443Z   server-id: github
build_apk	Setup Java 17	2026-02-11T12:31:06.5203016Z   server-username: GITHUB_ACTOR
build_apk	Setup Java 17	2026-02-11T12:31:06.5203634Z   server-password: GITHUB_TOKEN
build_apk	Setup Java 17	2026-02-11T12:31:06.5204261Z   overwrite-settings: true
build_apk	Setup Java 17	2026-02-11T12:31:06.5204844Z   job-status: success
build_apk	Setup Java 17	2026-02-11T12:31:06.5205580Z   token: ***
build_apk	Setup Java 17	2026-02-11T12:31:06.5206104Z env:
build_apk	Setup Java 17	2026-02-11T12:31:06.5206669Z   ANDROID_SDK_ROOT: /usr/local/lib/android/sdk
build_apk	Setup Java 17	2026-02-11T12:31:06.5207392Z   ANDROID_HOME: /usr/local/lib/android/sdk
build_apk	Setup Java 17	2026-02-11T12:31:06.5208048Z ##[endgroup]
build_apk	Setup Java 17	2026-02-11T12:31:06.7163160Z ##[group]Installed distributions
build_apk	Setup Java 17	2026-02-11T12:31:06.7267626Z Resolved Java 17.0.18+8 from tool-cache
build_apk	Setup Java 17	2026-02-11T12:31:06.7268343Z Setting Java 17.0.18+8 as the default
build_apk	Setup Java 17	2026-02-11T12:31:06.7269612Z Creating toolchains.xml for JDK version 17 from temurin
build_apk	Setup Java 17	2026-02-11T12:31:06.7326127Z Writing to /home/runner/.m2/toolchains.xml
build_apk	Setup Java 17	2026-02-11T12:31:06.7326892Z 
build_apk	Setup Java 17	2026-02-11T12:31:06.7327272Z Java configuration:
build_apk	Setup Java 17	2026-02-11T12:31:06.7328374Z   Distribution: temurin
build_apk	Setup Java 17	2026-02-11T12:31:06.7329267Z   Version: 17.0.18+8
build_apk	Setup Java 17	2026-02-11T12:31:06.7330372Z   Path: /opt/hostedtoolcache/Java_Temurin-Hotspot_jdk/17.0.18-8/x64
build_apk	Setup Java 17	2026-02-11T12:31:06.7331235Z 
build_apk	Setup Java 17	2026-02-11T12:31:06.7332316Z ##[endgroup]
build_apk	Setup Java 17	2026-02-11T12:31:06.7348562Z Creating settings.xml with server-id: github
build_apk	Setup Java 17	2026-02-11T12:31:06.7352527Z Writing to /home/runner/.m2/settings.xml
build_apk	Setup Node.js (LTS)	∩╗┐2026-02-11T12:31:06.7532848Z ##[group]Run actions/setup-node@v4
build_apk	Setup Node.js (LTS)	2026-02-11T12:31:06.7533514Z with:
build_apk	Setup Node.js (LTS)	2026-02-11T12:31:06.7534026Z   node-version: 20
build_apk	Setup Node.js (LTS)	2026-02-11T12:31:06.7534554Z   cache: npm
build_apk	Setup Node.js (LTS)	2026-02-11T12:31:06.7535079Z   always-auth: false
build_apk	Setup Node.js (LTS)	2026-02-11T12:31:06.7535626Z   check-latest: false
build_apk	Setup Node.js (LTS)	2026-02-11T12:31:06.7536348Z   token: ***
build_apk	Setup Node.js (LTS)	2026-02-11T12:31:06.7536857Z env:
build_apk	Setup Node.js (LTS)	2026-02-11T12:31:06.7537409Z   ANDROID_SDK_ROOT: /usr/local/lib/android/sdk
build_apk	Setup Node.js (LTS)	2026-02-11T12:31:06.7538117Z   ANDROID_HOME: /usr/local/lib/android/sdk
build_apk	Setup Node.js (LTS)	2026-02-11T12:31:06.7538902Z   JAVA_HOME: /opt/hostedtoolcache/Java_Temurin-Hotspot_jdk/17.0.18-8/x64
build_apk	Setup Node.js (LTS)	2026-02-11T12:31:06.7539851Z   JAVA_HOME_17_X64: /opt/hostedtoolcache/Java_Temurin-Hotspot_jdk/17.0.18-8/x64
build_apk	Setup Node.js (LTS)	2026-02-11T12:31:06.7540638Z ##[endgroup]
build_apk	Setup Node.js (LTS)	2026-02-11T12:31:06.9297296Z Found in cache @ /opt/hostedtoolcache/node/20.20.0/x64
build_apk	Setup Node.js (LTS)	2026-02-11T12:31:06.9302720Z ##[group]Environment details
build_apk	Setup Node.js (LTS)	2026-02-11T12:31:07.3410093Z node: v20.20.0
build_apk	Setup Node.js (LTS)	2026-02-11T12:31:07.3410542Z npm: 10.8.2
build_apk	Setup Node.js (LTS)	2026-02-11T12:31:07.3410849Z yarn: 1.22.22
build_apk	Setup Node.js (LTS)	2026-02-11T12:31:07.3412153Z ##[endgroup]
build_apk	Setup Node.js (LTS)	2026-02-11T12:31:07.3437197Z [command]/opt/hostedtoolcache/node/20.20.0/x64/bin/npm config get cache
build_apk	Setup Node.js (LTS)	2026-02-11T12:31:07.4620813Z /home/runner/.npm
build_apk	Setup Node.js (LTS)	2026-02-11T12:31:07.7706431Z npm cache is not found
build_apk	Locate Capacitor app dir (fallback-safe)	∩╗┐2026-02-11T12:31:07.7811962Z ##[group]Run set -euo pipefail
build_apk	Locate Capacitor app dir (fallback-safe)	2026-02-11T12:31:07.7812440Z [36;1mset -euo pipefail[0m
build_apk	Locate Capacitor app dir (fallback-safe)	2026-02-11T12:31:07.7812696Z [36;1mecho "Repo root contents:"; ls -lah[0m
build_apk	Locate Capacitor app dir (fallback-safe)	2026-02-11T12:31:07.7812971Z [36;1m[0m
build_apk	Locate Capacitor app dir (fallback-safe)	2026-02-11T12:31:07.7813131Z [36;1mAPPDIR=""[0m
build_apk	Locate Capacitor app dir (fallback-safe)	2026-02-11T12:31:07.7813305Z [36;1m[0m
build_apk	Locate Capacitor app dir (fallback-safe)	2026-02-11T12:31:07.7813546Z [36;1m# 1) Prefer capacitor.config.* anywhere (deeper search)[0m
build_apk	Locate Capacitor app dir (fallback-safe)	2026-02-11T12:31:07.7814244Z [36;1mCFG="$(find . -maxdepth 30 -type f \( -name "capacitor.config.ts" -o -name "capacitor.config.json" -o -name "capacitor.config.js" \) | head -n 1 || true)"[0m
build_apk	Locate Capacitor app dir (fallback-safe)	2026-02-11T12:31:07.7814844Z [36;1mif [ -n "$CFG" ]; then[0m
build_apk	Locate Capacitor app dir (fallback-safe)	2026-02-11T12:31:07.7815074Z [36;1m  D="$(dirname "$CFG")"[0m
build_apk	Locate Capacitor app dir (fallback-safe)	2026-02-11T12:31:07.7815341Z [36;1m  if [ -f "$D/package.json" ]; then APPDIR="$D"; fi[0m
build_apk	Locate Capacitor app dir (fallback-safe)	2026-02-11T12:31:07.7815611Z [36;1mfi[0m
build_apk	Locate Capacitor app dir (fallback-safe)	2026-02-11T12:31:07.7815768Z [36;1m[0m
build_apk	Locate Capacitor app dir (fallback-safe)	2026-02-11T12:31:07.7815998Z [36;1m# 2) Fallback: first package.json that mentions capacitor[0m
build_apk	Locate Capacitor app dir (fallback-safe)	2026-02-11T12:31:07.7816317Z [36;1mif [ -z "$APPDIR" ]; then[0m
build_apk	Locate Capacitor app dir (fallback-safe)	2026-02-11T12:31:07.7816684Z [36;1m  PJ="$(find . -maxdepth 30 -type f -name "package.json" | head -n 200 || true)"[0m
build_apk	Locate Capacitor app dir (fallback-safe)	2026-02-11T12:31:07.7817231Z [36;1m  if [ -n "$PJ" ]; then[0m
build_apk	Locate Capacitor app dir (fallback-safe)	2026-02-11T12:31:07.7817446Z [36;1m    while IFS= read -r p; do[0m
build_apk	Locate Capacitor app dir (fallback-safe)	2026-02-11T12:31:07.7817748Z [36;1m      if grep -qiE '"@capacitor/|"\s*capacitor\s*"' "$p"; then[0m
build_apk	Locate Capacitor app dir (fallback-safe)	2026-02-11T12:31:07.7818063Z [36;1m        APPDIR="$(dirname "$p")"[0m
build_apk	Locate Capacitor app dir (fallback-safe)	2026-02-11T12:31:07.7818289Z [36;1m        break[0m
build_apk	Locate Capacitor app dir (fallback-safe)	2026-02-11T12:31:07.7818470Z [36;1m      fi[0m
build_apk	Locate Capacitor app dir (fallback-safe)	2026-02-11T12:31:07.7818639Z [36;1m    done <<< "$PJ"[0m
build_apk	Locate Capacitor app dir (fallback-safe)	2026-02-11T12:31:07.7818829Z [36;1m  fi[0m
build_apk	Locate Capacitor app dir (fallback-safe)	2026-02-11T12:31:07.7818982Z [36;1mfi[0m
build_apk	Locate Capacitor app dir (fallback-safe)	2026-02-11T12:31:07.7819131Z [36;1m[0m
build_apk	Locate Capacitor app dir (fallback-safe)	2026-02-11T12:31:07.7819302Z [36;1m# 3) Fallback: common paths (if exist)[0m
build_apk	Locate Capacitor app dir (fallback-safe)	2026-02-11T12:31:07.7819565Z [36;1mif [ -z "$APPDIR" ]; then[0m
build_apk	Locate Capacitor app dir (fallback-safe)	2026-02-11T12:31:07.7819872Z [36;1m  for d in "./apps/dental-mina" "./app" "./apps/app" "./src" "."; do[0m
build_apk	Locate Capacitor app dir (fallback-safe)	2026-02-11T12:31:07.7820256Z [36;1m    if [ -f "$d/package.json" ]; then APPDIR="$d"; break; fi[0m
build_apk	Locate Capacitor app dir (fallback-safe)	2026-02-11T12:31:07.7820541Z [36;1m  done[0m
build_apk	Locate Capacitor app dir (fallback-safe)	2026-02-11T12:31:07.7820699Z [36;1mfi[0m
build_apk	Locate Capacitor app dir (fallback-safe)	2026-02-11T12:31:07.7820849Z [36;1m[0m
build_apk	Locate Capacitor app dir (fallback-safe)	2026-02-11T12:31:07.7821003Z [36;1mtest -n "$APPDIR"[0m
build_apk	Locate Capacitor app dir (fallback-safe)	2026-02-11T12:31:07.7821212Z [36;1mecho "APPDIR=$APPDIR"[0m
build_apk	Locate Capacitor app dir (fallback-safe)	2026-02-11T12:31:07.7821836Z [36;1mtest -f "$APPDIR/package.json"[0m
build_apk	Locate Capacitor app dir (fallback-safe)	2026-02-11T12:31:07.7822138Z [36;1mecho "app_dir=$APPDIR" >> "$GITHUB_OUTPUT"[0m
build_apk	Locate Capacitor app dir (fallback-safe)	2026-02-11T12:31:07.7863878Z shell: /usr/bin/bash --noprofile --norc -e -o pipefail {0}
build_apk	Locate Capacitor app dir (fallback-safe)	2026-02-11T12:31:07.7864199Z env:
build_apk	Locate Capacitor app dir (fallback-safe)	2026-02-11T12:31:07.7864394Z   ANDROID_SDK_ROOT: /usr/local/lib/android/sdk
build_apk	Locate Capacitor app dir (fallback-safe)	2026-02-11T12:31:07.7864668Z   ANDROID_HOME: /usr/local/lib/android/sdk
build_apk	Locate Capacitor app dir (fallback-safe)	2026-02-11T12:31:07.7865008Z   JAVA_HOME: /opt/hostedtoolcache/Java_Temurin-Hotspot_jdk/17.0.18-8/x64
build_apk	Locate Capacitor app dir (fallback-safe)	2026-02-11T12:31:07.7865462Z   JAVA_HOME_17_X64: /opt/hostedtoolcache/Java_Temurin-Hotspot_jdk/17.0.18-8/x64
build_apk	Locate Capacitor app dir (fallback-safe)	2026-02-11T12:31:07.7865803Z ##[endgroup]
build_apk	Locate Capacitor app dir (fallback-safe)	2026-02-11T12:31:07.7943195Z Repo root contents:
build_apk	Locate Capacitor app dir (fallback-safe)	2026-02-11T12:31:07.7952687Z total 84K
build_apk	Locate Capacitor app dir (fallback-safe)	2026-02-11T12:31:07.7953258Z drwxr-xr-x 12 runner runner 4.0K Feb 11 12:31 .
build_apk	Locate Capacitor app dir (fallback-safe)	2026-02-11T12:31:07.7953712Z drwxr-xr-x  3 runner runner 4.0K Feb 11 12:31 ..
build_apk	Locate Capacitor app dir (fallback-safe)	2026-02-11T12:31:07.7954347Z drwxr-xr-x  7 runner runner 4.0K Feb 11 12:31 .git
build_apk	Locate Capacitor app dir (fallback-safe)	2026-02-11T12:31:07.7955059Z drwxr-xr-x  3 runner runner 4.0K Feb 11 12:31 .github
build_apk	Locate Capacitor app dir (fallback-safe)	2026-02-11T12:31:07.7955749Z -rw-r--r--  1 runner runner    0 Feb 11 12:31 .gitignore
build_apk	Locate Capacitor app dir (fallback-safe)	2026-02-11T12:31:07.7956454Z drwxr-xr-x  4 runner runner 4.0K Feb 11 12:31 app
build_apk	Locate Capacitor app dir (fallback-safe)	2026-02-11T12:31:07.7956955Z drwxr-xr-x  3 runner runner 4.0K Feb 11 12:31 apps
build_apk	Locate Capacitor app dir (fallback-safe)	2026-02-11T12:31:07.7957322Z drwxr-xr-x  2 runner runner 4.0K Feb 11 12:31 docs
build_apk	Locate Capacitor app dir (fallback-safe)	2026-02-11T12:31:07.7957738Z drwxr-xr-x  3 runner runner 4.0K Feb 11 12:31 evidence
build_apk	Locate Capacitor app dir (fallback-safe)	2026-02-11T12:31:07.7958117Z drwxr-xr-x  2 runner runner 4.0K Feb 11 12:31 handoff
build_apk	Locate Capacitor app dir (fallback-safe)	2026-02-11T12:31:07.7958520Z drwxr-xr-x 29 runner runner 4.0K Feb 11 12:31 node_modules
build_apk	Locate Capacitor app dir (fallback-safe)	2026-02-11T12:31:07.7958963Z -rw-r--r--  1 runner runner  30K Feb 11 12:31 package-lock.json
build_apk	Locate Capacitor app dir (fallback-safe)	2026-02-11T12:31:07.7959626Z -rw-r--r--  1 runner runner  156 Feb 11 12:31 package.json
build_apk	Locate Capacitor app dir (fallback-safe)	2026-02-11T12:31:07.7960298Z drwxr-xr-x  2 runner runner 4.0K Feb 11 12:31 state
build_apk	Locate Capacitor app dir (fallback-safe)	2026-02-11T12:31:07.7960934Z drwxr-xr-x  2 runner runner 4.0K Feb 11 12:31 tools
build_apk	Locate Capacitor app dir (fallback-safe)	2026-02-11T12:31:07.8025035Z APPDIR=./apps/dental-mina
build_apk	Install deps + build web + sync Android (creates gradlew)	∩╗┐2026-02-11T12:31:07.8086540Z ##[group]Run set -euo pipefail
build_apk	Install deps + build web + sync Android (creates gradlew)	2026-02-11T12:31:07.8086832Z [36;1mset -euo pipefail[0m
build_apk	Install deps + build web + sync Android (creates gradlew)	2026-02-11T12:31:07.8087078Z [36;1mcd "./apps/dental-mina"[0m
build_apk	Install deps + build web + sync Android (creates gradlew)	2026-02-11T12:31:07.8087349Z [36;1mecho "Working in: $(pwd)"[0m
build_apk	Install deps + build web + sync Android (creates gradlew)	2026-02-11T12:31:07.8087565Z [36;1mls -lah[0m
build_apk	Install deps + build web + sync Android (creates gradlew)	2026-02-11T12:31:07.8087734Z [36;1m[0m
build_apk	Install deps + build web + sync Android (creates gradlew)	2026-02-11T12:31:07.8087880Z [36;1mnpm ci[0m
build_apk	Install deps + build web + sync Android (creates gradlew)	2026-02-11T12:31:07.8088042Z [36;1m[0m
build_apk	Install deps + build web + sync Android (creates gradlew)	2026-02-11T12:31:07.8088258Z [36;1mif npm run -s | grep -qE '(^|\s)build(\s|$)'; then[0m
build_apk	Install deps + build web + sync Android (creates gradlew)	2026-02-11T12:31:07.8088540Z [36;1m  npm run build[0m
build_apk	Install deps + build web + sync Android (creates gradlew)	2026-02-11T12:31:07.8088731Z [36;1mfi[0m
build_apk	Install deps + build web + sync Android (creates gradlew)	2026-02-11T12:31:07.8088876Z [36;1m[0m
build_apk	Install deps + build web + sync Android (creates gradlew)	2026-02-11T12:31:07.8089027Z [36;1mCAP=""[0m
build_apk	Install deps + build web + sync Android (creates gradlew)	2026-02-11T12:31:07.8089223Z [36;1mif [ -x "./node_modules/.bin/cap" ]; then[0m
build_apk	Install deps + build web + sync Android (creates gradlew)	2026-02-11T12:31:07.8089683Z [36;1m  CAP="./node_modules/.bin/cap"[0m
build_apk	Install deps + build web + sync Android (creates gradlew)	2026-02-11T12:31:07.8089905Z [36;1mfi[0m
build_apk	Install deps + build web + sync Android (creates gradlew)	2026-02-11T12:31:07.8090052Z [36;1m[0m
build_apk	Install deps + build web + sync Android (creates gradlew)	2026-02-11T12:31:07.8090212Z [36;1mrun_cap () {[0m
build_apk	Install deps + build web + sync Android (creates gradlew)	2026-02-11T12:31:07.8090406Z [36;1m  if [ -n "$CAP" ]; then[0m
build_apk	Install deps + build web + sync Android (creates gradlew)	2026-02-11T12:31:07.8090646Z [36;1m    "$CAP" "$@"[0m
build_apk	Install deps + build web + sync Android (creates gradlew)	2026-02-11T12:31:07.8090829Z [36;1m  else[0m
build_apk	Install deps + build web + sync Android (creates gradlew)	2026-02-11T12:31:07.8091056Z [36;1m    npm exec --yes --package @capacitor/cli -- cap "$@"[0m
build_apk	Install deps + build web + sync Android (creates gradlew)	2026-02-11T12:31:07.8091608Z [36;1m  fi[0m
build_apk	Install deps + build web + sync Android (creates gradlew)	2026-02-11T12:31:07.8091795Z [36;1m}[0m
build_apk	Install deps + build web + sync Android (creates gradlew)	2026-02-11T12:31:07.8091952Z [36;1m[0m
build_apk	Install deps + build web + sync Android (creates gradlew)	2026-02-11T12:31:07.8092114Z [36;1mif [ -d "android" ]; then[0m
build_apk	Install deps + build web + sync Android (creates gradlew)	2026-02-11T12:31:07.8092345Z [36;1m  run_cap sync android[0m
build_apk	Install deps + build web + sync Android (creates gradlew)	2026-02-11T12:31:07.8092553Z [36;1melse[0m
build_apk	Install deps + build web + sync Android (creates gradlew)	2026-02-11T12:31:07.8092715Z [36;1m  run_cap add android[0m
build_apk	Install deps + build web + sync Android (creates gradlew)	2026-02-11T12:31:07.8092930Z [36;1m  run_cap sync android[0m
build_apk	Install deps + build web + sync Android (creates gradlew)	2026-02-11T12:31:07.8093125Z [36;1mfi[0m
build_apk	Install deps + build web + sync Android (creates gradlew)	2026-02-11T12:31:07.8093277Z [36;1m[0m
build_apk	Install deps + build web + sync Android (creates gradlew)	2026-02-11T12:31:07.8093435Z [36;1mtest -x "android/gradlew"[0m
build_apk	Install deps + build web + sync Android (creates gradlew)	2026-02-11T12:31:07.8123123Z shell: /usr/bin/bash --noprofile --norc -e -o pipefail {0}
build_apk	Install deps + build web + sync Android (creates gradlew)	2026-02-11T12:31:07.8123428Z env:
build_apk	Install deps + build web + sync Android (creates gradlew)	2026-02-11T12:31:07.8123624Z   ANDROID_SDK_ROOT: /usr/local/lib/android/sdk
build_apk	Install deps + build web + sync Android (creates gradlew)	2026-02-11T12:31:07.8123889Z   ANDROID_HOME: /usr/local/lib/android/sdk
build_apk	Install deps + build web + sync Android (creates gradlew)	2026-02-11T12:31:07.8124241Z   JAVA_HOME: /opt/hostedtoolcache/Java_Temurin-Hotspot_jdk/17.0.18-8/x64
build_apk	Install deps + build web + sync Android (creates gradlew)	2026-02-11T12:31:07.8124688Z   JAVA_HOME_17_X64: /opt/hostedtoolcache/Java_Temurin-Hotspot_jdk/17.0.18-8/x64
build_apk	Install deps + build web + sync Android (creates gradlew)	2026-02-11T12:31:07.8125028Z ##[endgroup]
build_apk	Install deps + build web + sync Android (creates gradlew)	2026-02-11T12:31:07.8179151Z Working in: /home/runner/work/Dental-Mina/Dental-Mina/apps/dental-mina
build_apk	Install deps + build web + sync Android (creates gradlew)	2026-02-11T12:31:07.8192834Z total 252K
build_apk	Install deps + build web + sync Android (creates gradlew)	2026-02-11T12:31:07.8193396Z drwxr-xr-x 4 runner runner 4.0K Feb 11 12:31 .
build_apk	Install deps + build web + sync Android (creates gradlew)	2026-02-11T12:31:07.8194029Z drwxr-xr-x 3 runner runner 4.0K Feb 11 12:31 ..
build_apk	Install deps + build web + sync Android (creates gradlew)	2026-02-11T12:31:07.8194678Z -rw-r--r-- 1 runner runner  253 Feb 11 12:31 .gitignore
build_apk	Install deps + build web + sync Android (creates gradlew)	2026-02-11T12:31:07.8195345Z -rw-r--r-- 1 runner runner 2.5K Feb 11 12:31 README.md
build_apk	Install deps + build web + sync Android (creates gradlew)	2026-02-11T12:31:07.8196101Z -rw-r--r-- 1 runner runner  128 Feb 11 12:31 capacitor.config.json
build_apk	Install deps + build web + sync Android (creates gradlew)	2026-02-11T12:31:07.8196666Z -rw-r--r-- 1 runner runner  616 Feb 11 12:31 eslint.config.js
build_apk	Install deps + build web + sync Android (creates gradlew)	2026-02-11T12:31:07.8197093Z -rw-r--r-- 1 runner runner  377 Feb 11 12:31 index.html
build_apk	Install deps + build web + sync Android (creates gradlew)	2026-02-11T12:31:07.8197525Z -rw-r--r-- 1 runner runner 188K Feb 11 12:31 package-lock.json
build_apk	Install deps + build web + sync Android (creates gradlew)	2026-02-11T12:31:07.8197942Z -rw-r--r-- 1 runner runner 1.2K Feb 11 12:31 package.json
build_apk	Install deps + build web + sync Android (creates gradlew)	2026-02-11T12:31:07.8198357Z -rw-r--r-- 1 runner runner   91 Feb 11 12:31 postcss.config.js
build_apk	Install deps + build web + sync Android (creates gradlew)	2026-02-11T12:31:07.8198751Z drwxr-xr-x 2 runner runner 4.0K Feb 11 12:31 public
build_apk	Install deps + build web + sync Android (creates gradlew)	2026-02-11T12:31:07.8199113Z drwxr-xr-x 3 runner runner 4.0K Feb 11 12:31 src
build_apk	Install deps + build web + sync Android (creates gradlew)	2026-02-11T12:31:07.8199510Z -rw-r--r-- 1 runner runner  161 Feb 11 12:31 tailwind.config.js
build_apk	Install deps + build web + sync Android (creates gradlew)	2026-02-11T12:31:07.8199938Z -rw-r--r-- 1 runner runner  732 Feb 11 12:31 tsconfig.app.json
build_apk	Install deps + build web + sync Android (creates gradlew)	2026-02-11T12:31:07.8200345Z -rw-r--r-- 1 runner runner  119 Feb 11 12:31 tsconfig.json
build_apk	Install deps + build web + sync Android (creates gradlew)	2026-02-11T12:31:07.8200763Z -rw-r--r-- 1 runner runner  653 Feb 11 12:31 tsconfig.node.json
build_apk	Install deps + build web + sync Android (creates gradlew)	2026-02-11T12:31:07.8201178Z -rw-r--r-- 1 runner runner  161 Feb 11 12:31 vite.config.ts
build_apk	Install deps + build web + sync Android (creates gradlew)	2026-02-11T12:31:08.5068771Z npm warn EBADENGINE Unsupported engine {
build_apk	Install deps + build web + sync Android (creates gradlew)	2026-02-11T12:31:08.5069650Z npm warn EBADENGINE   package: '@capacitor/cli@8.0.2',
build_apk	Install deps + build web + sync Android (creates gradlew)	2026-02-11T12:31:08.5070985Z npm warn EBADENGINE   required: { node: '>=22.0.0' },
build_apk	Install deps + build web + sync Android (creates gradlew)	2026-02-11T12:31:08.5072108Z npm warn EBADENGINE   current: { node: 'v20.20.0', npm: '10.8.2' }
build_apk	Install deps + build web + sync Android (creates gradlew)	2026-02-11T12:31:08.5072803Z npm warn EBADENGINE }
build_apk	Install deps + build web + sync Android (creates gradlew)	2026-02-11T12:31:12.3062648Z 
build_apk	Install deps + build web + sync Android (creates gradlew)	2026-02-11T12:31:12.3063549Z added 282 packages, and audited 283 packages in 4s
build_apk	Install deps + build web + sync Android (creates gradlew)	2026-02-11T12:31:12.3063980Z 
build_apk	Install deps + build web + sync Android (creates gradlew)	2026-02-11T12:31:12.3064220Z 66 packages are looking for funding
build_apk	Install deps + build web + sync Android (creates gradlew)	2026-02-11T12:31:12.3064693Z   run `npm fund` for details
build_apk	Install deps + build web + sync Android (creates gradlew)	2026-02-11T12:31:12.3086153Z 
build_apk	Install deps + build web + sync Android (creates gradlew)	2026-02-11T12:31:12.3086701Z found 0 vulnerabilities
build_apk	Install deps + build web + sync Android (creates gradlew)	2026-02-11T12:31:12.4788954Z [31m[fatal][39m The Capacitor CLI requires NodeJS >=22.0.0
build_apk	Install deps + build web + sync Android (creates gradlew)	2026-02-11T12:31:12.4789781Z         Please install the latest LTS version.
build_apk	Install deps + build web + sync Android (creates gradlew)	2026-02-11T12:31:12.4830030Z ##[error]Process completed with exit code 1.
build_apk	Post Setup Java 17	∩╗┐2026-02-11T12:31:12.4939432Z Post job cleanup.
build_apk	Post Checkout	∩╗┐2026-02-11T12:31:12.6706808Z Post job cleanup.
build_apk	Post Checkout	2026-02-11T12:31:12.7665706Z [command]/usr/bin/git version
build_apk	Post Checkout	2026-02-11T12:31:12.7703723Z git version 2.52.0
build_apk	Post Checkout	2026-02-11T12:31:12.7747932Z Temporarily overriding HOME='/home/runner/work/_temp/f95409df-2077-4bb1-a2e4-f3f33f8d099d' before making global git config changes
build_apk	Post Checkout	2026-02-11T12:31:12.7749343Z Adding repository directory to the temporary git global config as a safe directory
build_apk	Post Checkout	2026-02-11T12:31:12.7753925Z [command]/usr/bin/git config --global --add safe.directory /home/runner/work/Dental-Mina/Dental-Mina
build_apk	Post Checkout	2026-02-11T12:31:12.7789711Z [command]/usr/bin/git config --local --name-only --get-regexp core\.sshCommand
build_apk	Post Checkout	2026-02-11T12:31:12.7823755Z [command]/usr/bin/git submodule foreach --recursive sh -c "git config --local --name-only --get-regexp 'core\.sshCommand' && git config --local --unset-all 'core.sshCommand' || :"
build_apk	Post Checkout	2026-02-11T12:31:12.8088807Z [command]/usr/bin/git config --local --name-only --get-regexp http\.https\:\/\/github\.com\/\.extraheader
build_apk	Post Checkout	2026-02-11T12:31:12.8089974Z http.https://github.com/.extraheader
build_apk	Post Checkout	2026-02-11T12:31:12.8102377Z [command]/usr/bin/git config --local --unset-all http.https://github.com/.extraheader
build_apk	Post Checkout	2026-02-11T12:31:12.8133800Z [command]/usr/bin/git submodule foreach --recursive sh -c "git config --local --name-only --get-regexp 'http\.https\:\/\/github\.com\/\.extraheader' && git config --local --unset-all 'http.https://github.com/.extraheader' || :"
build_apk	Post Checkout	2026-02-11T12:31:12.8365805Z [command]/usr/bin/git config --local --name-only --get-regexp ^includeIf\.gitdir:
build_apk	Post Checkout	2026-02-11T12:31:12.8395410Z [command]/usr/bin/git submodule foreach --recursive git config --local --show-origin --name-only --get-regexp remote.origin.url
build_apk	Complete job	∩╗┐2026-02-11T12:31:12.8746593Z Cleaning up orphan processes
