build_apk	Set up job	∩╗┐2026-02-10T21:21:24.1889183Z Current runner version: '2.331.0'
build_apk	Set up job	2026-02-10T21:21:24.1912827Z ##[group]Runner Image Provisioner
build_apk	Set up job	2026-02-10T21:21:24.1913651Z Hosted Compute Agent
build_apk	Set up job	2026-02-10T21:21:24.1914173Z Version: 20260123.484
build_apk	Set up job	2026-02-10T21:21:24.1914847Z Commit: 6bd6555ca37d84114959e1c76d2c01448ff61c5d
build_apk	Set up job	2026-02-10T21:21:24.1915709Z Build Date: 2026-01-23T19:41:17Z
build_apk	Set up job	2026-02-10T21:21:24.1916330Z Worker ID: {4ce146a0-be4e-4953-ab84-a3a5efb34eae}
build_apk	Set up job	2026-02-10T21:21:24.1917106Z Azure Region: westus
build_apk	Set up job	2026-02-10T21:21:24.1917609Z ##[endgroup]
build_apk	Set up job	2026-02-10T21:21:24.1918980Z ##[group]Operating System
build_apk	Set up job	2026-02-10T21:21:24.1919608Z Ubuntu
build_apk	Set up job	2026-02-10T21:21:24.1920093Z 24.04.3
build_apk	Set up job	2026-02-10T21:21:24.1920505Z LTS
build_apk	Set up job	2026-02-10T21:21:24.1921037Z ##[endgroup]
build_apk	Set up job	2026-02-10T21:21:24.1921507Z ##[group]Runner Image
build_apk	Set up job	2026-02-10T21:21:24.1922053Z Image: ubuntu-24.04
build_apk	Set up job	2026-02-10T21:21:24.1922585Z Version: 20260201.15.1
build_apk	Set up job	2026-02-10T21:21:24.1923616Z Included Software: https://github.com/actions/runner-images/blob/ubuntu24/20260201.15/images/ubuntu/Ubuntu2404-Readme.md
build_apk	Set up job	2026-02-10T21:21:24.1925434Z Image Release: https://github.com/actions/runner-images/releases/tag/ubuntu24%2F20260201.15
build_apk	Set up job	2026-02-10T21:21:24.1926376Z ##[endgroup]
build_apk	Set up job	2026-02-10T21:21:24.1927421Z ##[group]GITHUB_TOKEN Permissions
build_apk	Set up job	2026-02-10T21:21:24.1929456Z Contents: read
build_apk	Set up job	2026-02-10T21:21:24.1930014Z Metadata: read
build_apk	Set up job	2026-02-10T21:21:24.1930546Z Packages: read
build_apk	Set up job	2026-02-10T21:21:24.1931130Z ##[endgroup]
build_apk	Set up job	2026-02-10T21:21:24.1933161Z Secret source: Actions
build_apk	Set up job	2026-02-10T21:21:24.1933820Z Prepare workflow directory
build_apk	Set up job	2026-02-10T21:21:24.2471206Z Prepare all required actions
build_apk	Set up job	2026-02-10T21:21:24.2507375Z Getting action download info
build_apk	Set up job	2026-02-10T21:21:24.7510865Z Download action repository 'actions/checkout@v4' (SHA:34e114876b0b11c390a56381ad16ebd13914f8d5)
build_apk	Set up job	2026-02-10T21:21:24.8403353Z Download action repository 'actions/setup-java@v4' (SHA:c1e323688fd81a25caa38c78aa6df2d33d3e20d9)
build_apk	Set up job	2026-02-10T21:21:26.0273198Z Download action repository 'actions/upload-artifact@v4' (SHA:ea165f8d65b6e75b540449e92b4886f43607fa02)
build_apk	Set up job	2026-02-10T21:21:26.2387588Z Complete job name: build_apk
build_apk	Checkout	∩╗┐2026-02-10T21:21:26.3034072Z ##[group]Run actions/checkout@v4
build_apk	Checkout	2026-02-10T21:21:26.3035238Z with:
build_apk	Checkout	2026-02-10T21:21:26.3035728Z   repository: galaxy1364/Dental-Mina
build_apk	Checkout	2026-02-10T21:21:26.3036482Z   token: ***
build_apk	Checkout	2026-02-10T21:21:26.3036961Z   ssh-strict: true
build_apk	Checkout	2026-02-10T21:21:26.3037393Z   ssh-user: git
build_apk	Checkout	2026-02-10T21:21:26.3037823Z   persist-credentials: true
build_apk	Checkout	2026-02-10T21:21:26.3038306Z   clean: true
build_apk	Checkout	2026-02-10T21:21:26.3038733Z   sparse-checkout-cone-mode: true
build_apk	Checkout	2026-02-10T21:21:26.3039259Z   fetch-depth: 1
build_apk	Checkout	2026-02-10T21:21:26.3039679Z   fetch-tags: false
build_apk	Checkout	2026-02-10T21:21:26.3040120Z   show-progress: true
build_apk	Checkout	2026-02-10T21:21:26.3040565Z   lfs: false
build_apk	Checkout	2026-02-10T21:21:26.3040999Z   submodules: false
build_apk	Checkout	2026-02-10T21:21:26.3041456Z   set-safe-directory: true
build_apk	Checkout	2026-02-10T21:21:26.3042210Z env:
build_apk	Checkout	2026-02-10T21:21:26.3042851Z   ANDROID_SDK_ROOT: /home/runner/work/Dental-Mina/Dental-Mina/.ci/android-sdk
build_apk	Checkout	2026-02-10T21:21:26.3043798Z   ANDROID_HOME: /home/runner/work/Dental-Mina/Dental-Mina/.ci/android-sdk
build_apk	Checkout	2026-02-10T21:21:26.3044548Z ##[endgroup]
build_apk	Checkout	2026-02-10T21:21:26.4101124Z Syncing repository: galaxy1364/Dental-Mina
build_apk	Checkout	2026-02-10T21:21:26.4103071Z ##[group]Getting Git version info
build_apk	Checkout	2026-02-10T21:21:26.4103877Z Working directory is '/home/runner/work/Dental-Mina/Dental-Mina'
build_apk	Checkout	2026-02-10T21:21:26.4105188Z [command]/usr/bin/git version
build_apk	Checkout	2026-02-10T21:21:26.4182465Z git version 2.52.0
build_apk	Checkout	2026-02-10T21:21:26.4207802Z ##[endgroup]
build_apk	Checkout	2026-02-10T21:21:26.4221982Z Temporarily overriding HOME='/home/runner/work/_temp/61906136-f55c-4271-ae61-a6bd2691fa8d' before making global git config changes
build_apk	Checkout	2026-02-10T21:21:26.4223503Z Adding repository directory to the temporary git global config as a safe directory
build_apk	Checkout	2026-02-10T21:21:26.4234191Z [command]/usr/bin/git config --global --add safe.directory /home/runner/work/Dental-Mina/Dental-Mina
build_apk	Checkout	2026-02-10T21:21:26.4273041Z Deleting the contents of '/home/runner/work/Dental-Mina/Dental-Mina'
build_apk	Checkout	2026-02-10T21:21:26.4276975Z ##[group]Initializing the repository
build_apk	Checkout	2026-02-10T21:21:26.4281741Z [command]/usr/bin/git init /home/runner/work/Dental-Mina/Dental-Mina
build_apk	Checkout	2026-02-10T21:21:26.4388217Z hint: Using 'master' as the name for the initial branch. This default branch name
build_apk	Checkout	2026-02-10T21:21:26.4390066Z hint: will change to "main" in Git 3.0. To configure the initial branch name
build_apk	Checkout	2026-02-10T21:21:26.4391939Z hint: to use in all of your new repositories, which will suppress this warning,
build_apk	Checkout	2026-02-10T21:21:26.4393361Z hint: call:
build_apk	Checkout	2026-02-10T21:21:26.4394157Z hint:
build_apk	Checkout	2026-02-10T21:21:26.4395323Z hint: 	git config --global init.defaultBranch <name>
build_apk	Checkout	2026-02-10T21:21:26.4396575Z hint:
build_apk	Checkout	2026-02-10T21:21:26.4397769Z hint: Names commonly chosen instead of 'master' are 'main', 'trunk' and
build_apk	Checkout	2026-02-10T21:21:26.4399694Z hint: 'development'. The just-created branch can be renamed via this command:
build_apk	Checkout	2026-02-10T21:21:26.4401195Z hint:
build_apk	Checkout	2026-02-10T21:21:26.4401917Z hint: 	git branch -m <name>
build_apk	Checkout	2026-02-10T21:21:26.4402767Z hint:
build_apk	Checkout	2026-02-10T21:21:26.4403974Z hint: Disable this message with "git config set advice.defaultBranchName false"
build_apk	Checkout	2026-02-10T21:21:26.4406389Z Initialized empty Git repository in /home/runner/work/Dental-Mina/Dental-Mina/.git/
build_apk	Checkout	2026-02-10T21:21:26.4409533Z [command]/usr/bin/git remote add origin https://github.com/galaxy1364/Dental-Mina
build_apk	Checkout	2026-02-10T21:21:26.4439340Z ##[endgroup]
build_apk	Checkout	2026-02-10T21:21:26.4440813Z ##[group]Disabling automatic garbage collection
build_apk	Checkout	2026-02-10T21:21:26.4444271Z [command]/usr/bin/git config --local gc.auto 0
build_apk	Checkout	2026-02-10T21:21:26.4472842Z ##[endgroup]
build_apk	Checkout	2026-02-10T21:21:26.4474260Z ##[group]Setting up auth
build_apk	Checkout	2026-02-10T21:21:26.4480456Z [command]/usr/bin/git config --local --name-only --get-regexp core\.sshCommand
build_apk	Checkout	2026-02-10T21:21:26.4511376Z [command]/usr/bin/git submodule foreach --recursive sh -c "git config --local --name-only --get-regexp 'core\.sshCommand' && git config --local --unset-all 'core.sshCommand' || :"
build_apk	Checkout	2026-02-10T21:21:26.4875560Z [command]/usr/bin/git config --local --name-only --get-regexp http\.https\:\/\/github\.com\/\.extraheader
build_apk	Checkout	2026-02-10T21:21:26.4903644Z [command]/usr/bin/git submodule foreach --recursive sh -c "git config --local --name-only --get-regexp 'http\.https\:\/\/github\.com\/\.extraheader' && git config --local --unset-all 'http.https://github.com/.extraheader' || :"
build_apk	Checkout	2026-02-10T21:21:26.5120502Z [command]/usr/bin/git config --local --name-only --get-regexp ^includeIf\.gitdir:
build_apk	Checkout	2026-02-10T21:21:26.5149832Z [command]/usr/bin/git submodule foreach --recursive git config --local --show-origin --name-only --get-regexp remote.origin.url
build_apk	Checkout	2026-02-10T21:21:26.5379187Z [command]/usr/bin/git config --local http.https://github.com/.extraheader AUTHORIZATION: basic ***
build_apk	Checkout	2026-02-10T21:21:26.5412283Z ##[endgroup]
build_apk	Checkout	2026-02-10T21:21:26.5413373Z ##[group]Fetching the repository
build_apk	Checkout	2026-02-10T21:21:26.5421954Z [command]/usr/bin/git -c protocol.version=2 fetch --no-tags --prune --no-recurse-submodules --depth=1 origin +0aa38374ca4ebc5d6a83d9b41f82954867d7612f:refs/remotes/origin/main
build_apk	Checkout	2026-02-10T21:21:27.7463166Z From https://github.com/galaxy1364/Dental-Mina
build_apk	Checkout	2026-02-10T21:21:27.7464647Z  * [new ref]         0aa38374ca4ebc5d6a83d9b41f82954867d7612f -> origin/main
build_apk	Checkout	2026-02-10T21:21:27.7497063Z ##[endgroup]
build_apk	Checkout	2026-02-10T21:21:27.7498873Z ##[group]Determining the checkout info
build_apk	Checkout	2026-02-10T21:21:27.7500876Z ##[endgroup]
build_apk	Checkout	2026-02-10T21:21:27.7505136Z [command]/usr/bin/git sparse-checkout disable
build_apk	Checkout	2026-02-10T21:21:27.7544370Z [command]/usr/bin/git config --local --unset-all extensions.worktreeConfig
build_apk	Checkout	2026-02-10T21:21:27.7571268Z ##[group]Checking out the ref
build_apk	Checkout	2026-02-10T21:21:27.7575415Z [command]/usr/bin/git checkout --progress --force -B main refs/remotes/origin/main
build_apk	Checkout	2026-02-10T21:21:27.8478537Z Switched to a new branch 'main'
build_apk	Checkout	2026-02-10T21:21:27.8480591Z branch 'main' set up to track 'origin/main'.
build_apk	Checkout	2026-02-10T21:21:27.8504064Z ##[endgroup]
build_apk	Checkout	2026-02-10T21:21:27.8544079Z [command]/usr/bin/git log -1 --format=%H
build_apk	Checkout	2026-02-10T21:21:27.8567551Z 0aa38374ca4ebc5d6a83d9b41f82954867d7612f
build_apk	Setup Java 17	∩╗┐2026-02-10T21:21:27.8918912Z ##[group]Run actions/setup-java@v4
build_apk	Setup Java 17	2026-02-10T21:21:27.8919934Z with:
build_apk	Setup Java 17	2026-02-10T21:21:27.8920627Z   distribution: temurin
build_apk	Setup Java 17	2026-02-10T21:21:27.8921653Z   java-version: 17
build_apk	Setup Java 17	2026-02-10T21:21:27.8922425Z   java-package: jdk
build_apk	Setup Java 17	2026-02-10T21:21:27.8923189Z   check-latest: false
build_apk	Setup Java 17	2026-02-10T21:21:27.8924009Z   server-id: github
build_apk	Setup Java 17	2026-02-10T21:21:27.8924787Z   server-username: GITHUB_ACTOR
build_apk	Setup Java 17	2026-02-10T21:21:27.8925870Z   server-password: GITHUB_TOKEN
build_apk	Setup Java 17	2026-02-10T21:21:27.8926792Z   overwrite-settings: true
build_apk	Setup Java 17	2026-02-10T21:21:27.8927642Z   job-status: success
build_apk	Setup Java 17	2026-02-10T21:21:27.8928662Z   token: ***
build_apk	Setup Java 17	2026-02-10T21:21:27.8929309Z env:
build_apk	Setup Java 17	2026-02-10T21:21:27.8930412Z   ANDROID_SDK_ROOT: /home/runner/work/Dental-Mina/Dental-Mina/.ci/android-sdk
build_apk	Setup Java 17	2026-02-10T21:21:27.8932322Z   ANDROID_HOME: /home/runner/work/Dental-Mina/Dental-Mina/.ci/android-sdk
build_apk	Setup Java 17	2026-02-10T21:21:27.8933739Z ##[endgroup]
build_apk	Setup Java 17	2026-02-10T21:21:28.0926070Z ##[group]Installed distributions
build_apk	Setup Java 17	2026-02-10T21:21:28.0999021Z Resolved Java 17.0.18+8 from tool-cache
build_apk	Setup Java 17	2026-02-10T21:21:28.1000734Z Setting Java 17.0.18+8 as the default
build_apk	Setup Java 17	2026-02-10T21:21:28.1017993Z Creating toolchains.xml for JDK version 17 from temurin
build_apk	Setup Java 17	2026-02-10T21:21:28.1142216Z Writing to /home/runner/.m2/toolchains.xml
build_apk	Setup Java 17	2026-02-10T21:21:28.1143433Z 
build_apk	Setup Java 17	2026-02-10T21:21:28.1143891Z Java configuration:
build_apk	Setup Java 17	2026-02-10T21:21:28.1145332Z   Distribution: temurin
build_apk	Setup Java 17	2026-02-10T21:21:28.1152569Z   Version: 17.0.18+8
build_apk	Setup Java 17	2026-02-10T21:21:28.1154256Z   Path: /opt/hostedtoolcache/Java_Temurin-Hotspot_jdk/17.0.18-8/x64
build_apk	Setup Java 17	2026-02-10T21:21:28.1156077Z 
build_apk	Setup Java 17	2026-02-10T21:21:28.1157322Z ##[endgroup]
build_apk	Setup Java 17	2026-02-10T21:21:28.1175137Z Creating settings.xml with server-id: github
build_apk	Setup Java 17	2026-02-10T21:21:28.1177212Z Writing to /home/runner/.m2/settings.xml
build_apk	Install Android SDK (writable) + accept licenses (fallback-safe)	∩╗┐2026-02-10T21:21:28.1307781Z ##[group]Run set -euo pipefail
build_apk	Install Android SDK (writable) + accept licenses (fallback-safe)	2026-02-10T21:21:28.1308826Z [36;1mset -euo pipefail[0m
build_apk	Install Android SDK (writable) + accept licenses (fallback-safe)	2026-02-10T21:21:28.1309739Z [36;1mSDKROOT="${ANDROID_SDK_ROOT}"[0m
build_apk	Install Android SDK (writable) + accept licenses (fallback-safe)	2026-02-10T21:21:28.1310767Z [36;1mecho "SDKROOT=$SDKROOT"[0m
build_apk	Install Android SDK (writable) + accept licenses (fallback-safe)	2026-02-10T21:21:28.1311692Z [36;1mrm -rf "$SDKROOT"[0m
build_apk	Install Android SDK (writable) + accept licenses (fallback-safe)	2026-02-10T21:21:28.1312635Z [36;1mmkdir -p "$SDKROOT/cmdline-tools"[0m
build_apk	Install Android SDK (writable) + accept licenses (fallback-safe)	2026-02-10T21:21:28.1313636Z [36;1m[0m
build_apk	Install Android SDK (writable) + accept licenses (fallback-safe)	2026-02-10T21:21:28.1314329Z [36;1mecho "Diagnostics:"[0m
build_apk	Install Android SDK (writable) + accept licenses (fallback-safe)	2026-02-10T21:21:28.1315335Z [36;1mwhich curl || true[0m
build_apk	Install Android SDK (writable) + accept licenses (fallback-safe)	2026-02-10T21:21:28.1316181Z [36;1mpython3 -V || true[0m
build_apk	Install Android SDK (writable) + accept licenses (fallback-safe)	2026-02-10T21:21:28.1317339Z [36;1mls -lah /usr/local/lib/android/sdk/cmdline-tools || true[0m
build_apk	Install Android SDK (writable) + accept licenses (fallback-safe)	2026-02-10T21:21:28.1318582Z [36;1m[0m
build_apk	Install Android SDK (writable) + accept licenses (fallback-safe)	2026-02-10T21:21:28.1319627Z [36;1m# A) Prefer preinstalled sdkmanager (copy into writable SDKROOT)[0m
build_apk	Install Android SDK (writable) + accept licenses (fallback-safe)	2026-02-10T21:21:28.1321473Z [36;1mPRE="/usr/local/lib/android/sdk/cmdline-tools/latest/bin/sdkmanager"[0m
build_apk	Install Android SDK (writable) + accept licenses (fallback-safe)	2026-02-10T21:21:28.1322939Z [36;1mif [ -x "$PRE" ]; then[0m
build_apk	Install Android SDK (writable) + accept licenses (fallback-safe)	2026-02-10T21:21:28.1324469Z [36;1m  echo "Using preinstalled sdkmanager; copying cmdline-tools to writable SDKROOT"[0m
build_apk	Install Android SDK (writable) + accept licenses (fallback-safe)	2026-02-10T21:21:28.1326867Z [36;1m  cp -a /usr/local/lib/android/sdk/cmdline-tools/* "$SDKROOT/cmdline-tools/" || true[0m
build_apk	Install Android SDK (writable) + accept licenses (fallback-safe)	2026-02-10T21:21:28.1328466Z [36;1mfi[0m
build_apk	Install Android SDK (writable) + accept licenses (fallback-safe)	2026-02-10T21:21:28.1329091Z [36;1m[0m
build_apk	Install Android SDK (writable) + accept licenses (fallback-safe)	2026-02-10T21:21:28.1330572Z [36;1m# B) If still no sdkmanager in SDKROOT, download cmdline-tools and extract via python (no unzip/apt)[0m
build_apk	Install Android SDK (writable) + accept licenses (fallback-safe)	2026-02-10T21:21:28.1332759Z [36;1mif [ ! -x "$SDKROOT/cmdline-tools/latest/bin/sdkmanager" ]; then[0m
build_apk	Install Android SDK (writable) + accept licenses (fallback-safe)	2026-02-10T21:21:28.1334463Z [36;1m  echo "Preinstalled not usable; downloading cmdline-tools..."[0m
build_apk	Install Android SDK (writable) + accept licenses (fallback-safe)	2026-02-10T21:21:28.1335952Z [36;1m  cd "$SDKROOT/cmdline-tools"[0m
build_apk	Install Android SDK (writable) + accept licenses (fallback-safe)	2026-02-10T21:21:28.1337691Z [36;1m  URL="https://dl.google.com/android/repository/commandlinetools-linux-12266719_latest.zip"[0m
build_apk	Install Android SDK (writable) + accept licenses (fallback-safe)	2026-02-10T21:21:28.1339742Z [36;1m  curl -fL --retry 5 --retry-delay 2 "$URL" -o cmdline.zip[0m
build_apk	Install Android SDK (writable) + accept licenses (fallback-safe)	2026-02-10T21:21:28.1341000Z [36;1m  ls -lah cmdline.zip[0m
build_apk	Install Android SDK (writable) + accept licenses (fallback-safe)	2026-02-10T21:21:28.1341867Z [36;1m  python3 - <<'PY'[0m
build_apk	Install Android SDK (writable) + accept licenses (fallback-safe)	2026-02-10T21:21:28.1342697Z [36;1m  import zipfile, os[0m
build_apk	Install Android SDK (writable) + accept licenses (fallback-safe)	2026-02-10T21:21:28.1343617Z [36;1m  z=zipfile.ZipFile("cmdline.zip")[0m
build_apk	Install Android SDK (writable) + accept licenses (fallback-safe)	2026-02-10T21:21:28.1344618Z [36;1m  z.extractall(".")[0m
build_apk	Install Android SDK (writable) + accept licenses (fallback-safe)	2026-02-10T21:21:28.1345877Z [36;1m  print("Extracted top-level:", os.listdir("."))[0m
build_apk	Install Android SDK (writable) + accept licenses (fallback-safe)	2026-02-10T21:21:28.1346981Z [36;1m  PY[0m
build_apk	Install Android SDK (writable) + accept licenses (fallback-safe)	2026-02-10T21:21:28.1347834Z [36;1m  rm -f cmdline.zip[0m
build_apk	Install Android SDK (writable) + accept licenses (fallback-safe)	2026-02-10T21:21:28.1348669Z [36;1m  rm -rf latest[0m
build_apk	Install Android SDK (writable) + accept licenses (fallback-safe)	2026-02-10T21:21:28.1349499Z [36;1m  if [ -d "cmdline-tools" ]; then[0m
build_apk	Install Android SDK (writable) + accept licenses (fallback-safe)	2026-02-10T21:21:28.1350506Z [36;1m    mv cmdline-tools latest[0m
build_apk	Install Android SDK (writable) + accept licenses (fallback-safe)	2026-02-10T21:21:28.1351389Z [36;1m  else[0m
build_apk	Install Android SDK (writable) + accept licenses (fallback-safe)	2026-02-10T21:21:28.1414474Z [36;1m    D="$(find . -maxdepth 4 -type f -path "*/bin/sdkmanager" | head -n 1 || true)"[0m
build_apk	Install Android SDK (writable) + accept licenses (fallback-safe)	2026-02-10T21:21:28.1417204Z [36;1m    test -n "$D"[0m
build_apk	Install Android SDK (writable) + accept licenses (fallback-safe)	2026-02-10T21:21:28.1418731Z [36;1m    BASE="$(dirname "$(dirname "$D")")"[0m
build_apk	Install Android SDK (writable) + accept licenses (fallback-safe)	2026-02-10T21:21:28.1420510Z [36;1m    mv "$BASE" latest[0m
build_apk	Install Android SDK (writable) + accept licenses (fallback-safe)	2026-02-10T21:21:28.1421931Z [36;1m  fi[0m
build_apk	Install Android SDK (writable) + accept licenses (fallback-safe)	2026-02-10T21:21:28.1423002Z [36;1mfi[0m
build_apk	Install Android SDK (writable) + accept licenses (fallback-safe)	2026-02-10T21:21:28.1424036Z [36;1m[0m
build_apk	Install Android SDK (writable) + accept licenses (fallback-safe)	2026-02-10T21:21:28.1425745Z [36;1mtest -x "$SDKROOT/cmdline-tools/latest/bin/sdkmanager"[0m
build_apk	Install Android SDK (writable) + accept licenses (fallback-safe)	2026-02-10T21:21:28.1428815Z [36;1mexport PATH="$SDKROOT/cmdline-tools/latest/bin:$SDKROOT/platform-tools:$PATH"[0m
build_apk	Install Android SDK (writable) + accept licenses (fallback-safe)	2026-02-10T21:21:28.1430966Z [36;1m[0m
build_apk	Install Android SDK (writable) + accept licenses (fallback-safe)	2026-02-10T21:21:28.1431640Z [36;1msdkmanager --version[0m
build_apk	Install Android SDK (writable) + accept licenses (fallback-safe)	2026-02-10T21:21:28.1433484Z [36;1myes | sdkmanager --sdk_root="$SDKROOT" --install "platform-tools" "platforms;android-34" "build-tools;34.0.0"[0m
build_apk	Install Android SDK (writable) + accept licenses (fallback-safe)	2026-02-10T21:21:28.1435979Z [36;1m(yes | sdkmanager --sdk_root="$SDKROOT" --licenses) || true[0m
build_apk	Install Android SDK (writable) + accept licenses (fallback-safe)	2026-02-10T21:21:28.1477132Z shell: /usr/bin/bash --noprofile --norc -e -o pipefail {0}
build_apk	Install Android SDK (writable) + accept licenses (fallback-safe)	2026-02-10T21:21:28.1478334Z env:
build_apk	Install Android SDK (writable) + accept licenses (fallback-safe)	2026-02-10T21:21:28.1479399Z   ANDROID_SDK_ROOT: /home/runner/work/Dental-Mina/Dental-Mina/.ci/android-sdk
build_apk	Install Android SDK (writable) + accept licenses (fallback-safe)	2026-02-10T21:21:28.1481253Z   ANDROID_HOME: /home/runner/work/Dental-Mina/Dental-Mina/.ci/android-sdk
build_apk	Install Android SDK (writable) + accept licenses (fallback-safe)	2026-02-10T21:21:28.1483271Z   JAVA_HOME: /opt/hostedtoolcache/Java_Temurin-Hotspot_jdk/17.0.18-8/x64
build_apk	Install Android SDK (writable) + accept licenses (fallback-safe)	2026-02-10T21:21:28.1485273Z   JAVA_HOME_17_X64: /opt/hostedtoolcache/Java_Temurin-Hotspot_jdk/17.0.18-8/x64
build_apk	Install Android SDK (writable) + accept licenses (fallback-safe)	2026-02-10T21:21:28.1486660Z ##[endgroup]
build_apk	Install Android SDK (writable) + accept licenses (fallback-safe)	2026-02-10T21:21:28.1573963Z SDKROOT=/home/runner/work/Dental-Mina/Dental-Mina/.ci/android-sdk
build_apk	Install Android SDK (writable) + accept licenses (fallback-safe)	2026-02-10T21:21:28.1597683Z Diagnostics:
build_apk	Install Android SDK (writable) + accept licenses (fallback-safe)	2026-02-10T21:21:28.1612564Z /usr/bin/curl
build_apk	Install Android SDK (writable) + accept licenses (fallback-safe)	2026-02-10T21:21:28.1624619Z Python 3.12.3
build_apk	Install Android SDK (writable) + accept licenses (fallback-safe)	2026-02-10T21:21:28.1647485Z total 12K
build_apk	Install Android SDK (writable) + accept licenses (fallback-safe)	2026-02-10T21:21:28.1648259Z drwxrwxrwx  3 root root 4.0K Feb  1 21:30 .
build_apk	Install Android SDK (writable) + accept licenses (fallback-safe)	2026-02-10T21:21:28.1649798Z drwxrwxrwx 11 root root 4.0K Feb  1 21:33 ..
build_apk	Install Android SDK (writable) + accept licenses (fallback-safe)	2026-02-10T21:21:28.1650985Z drwxrwxrwx  4 root root 4.0K Feb  1 21:30 latest
build_apk	Install Android SDK (writable) + accept licenses (fallback-safe)	2026-02-10T21:21:28.1657368Z Using preinstalled sdkmanager; copying cmdline-tools to writable SDKROOT
build_apk	Install Android SDK (writable) + accept licenses (fallback-safe)	2026-02-10T21:21:37.1120580Z /home/runner/work/_temp/b0d9bf23-22aa-484c-aa23-b9f7c7395095.sh: line 49: warning: here-document at line 26 delimited by end-of-file (wanted `PY')
build_apk	Install Android SDK (writable) + accept licenses (fallback-safe)	2026-02-10T21:21:37.1122454Z /home/runner/work/_temp/b0d9bf23-22aa-484c-aa23-b9f7c7395095.sh: line 50: syntax error: unexpected end of file
build_apk	Install Android SDK (writable) + accept licenses (fallback-safe)	2026-02-10T21:21:37.1135880Z ##[error]Process completed with exit code 2.
build_apk	Post Setup Java 17	∩╗┐2026-02-10T21:21:37.1248393Z Post job cleanup.
build_apk	Post Checkout	∩╗┐2026-02-10T21:21:37.2994034Z Post job cleanup.
build_apk	Post Checkout	2026-02-10T21:21:37.3926528Z [command]/usr/bin/git version
build_apk	Post Checkout	2026-02-10T21:21:37.3963574Z git version 2.52.0
build_apk	Post Checkout	2026-02-10T21:21:37.4005710Z Temporarily overriding HOME='/home/runner/work/_temp/4ce79a2c-cf02-493d-b714-f86c9c5ef677' before making global git config changes
build_apk	Post Checkout	2026-02-10T21:21:37.4006671Z Adding repository directory to the temporary git global config as a safe directory
build_apk	Post Checkout	2026-02-10T21:21:37.4011030Z [command]/usr/bin/git config --global --add safe.directory /home/runner/work/Dental-Mina/Dental-Mina
build_apk	Post Checkout	2026-02-10T21:21:37.4047550Z [command]/usr/bin/git config --local --name-only --get-regexp core\.sshCommand
build_apk	Post Checkout	2026-02-10T21:21:37.4080020Z [command]/usr/bin/git submodule foreach --recursive sh -c "git config --local --name-only --get-regexp 'core\.sshCommand' && git config --local --unset-all 'core.sshCommand' || :"
build_apk	Post Checkout	2026-02-10T21:21:37.4307454Z [command]/usr/bin/git config --local --name-only --get-regexp http\.https\:\/\/github\.com\/\.extraheader
build_apk	Post Checkout	2026-02-10T21:21:37.4327558Z http.https://github.com/.extraheader
build_apk	Post Checkout	2026-02-10T21:21:37.4339613Z [command]/usr/bin/git config --local --unset-all http.https://github.com/.extraheader
build_apk	Post Checkout	2026-02-10T21:21:37.4370125Z [command]/usr/bin/git submodule foreach --recursive sh -c "git config --local --name-only --get-regexp 'http\.https\:\/\/github\.com\/\.extraheader' && git config --local --unset-all 'http.https://github.com/.extraheader' || :"
build_apk	Post Checkout	2026-02-10T21:21:37.4588346Z [command]/usr/bin/git config --local --name-only --get-regexp ^includeIf\.gitdir:
build_apk	Post Checkout	2026-02-10T21:21:37.4619170Z [command]/usr/bin/git submodule foreach --recursive git config --local --show-origin --name-only --get-regexp remote.origin.url
build_apk	Complete job	∩╗┐2026-02-10T21:21:37.4943399Z Cleaning up orphan processes
